<html>
<body>
<pre>
<h1>µVision Build Log</h1>
<h2>Tool Versions:</h2>
IDE-Version: µVision V5.29.0.0
Copyright (C) 2019 ARM Ltd and ARM Germany GmbH. All rights reserved.
License Information: Ahmed LENOVO, ASU_RAcing team, LIC=----
 
Tool Versions:
Toolchain:       MDK-Lite  Version: 5.29.0.0
Toolchain Path:  C:\Keil_v5\ARM\ARMCC\Bin
C Compiler:      Armcc.exe V5.06 update 6 (build 750)
Assembler:       Armasm.exe V5.06 update 6 (build 750)
Linker/Locator:  ArmLink.exe V5.06 update 6 (build 750)
Library Manager: ArmAr.exe V5.06 update 6 (build 750)
Hex Converter:   FromElf.exe V5.06 update 6 (build 750)
CPU DLL:         SARMCM3.DLL V5.29.0.0
Dialog DLL:      DCM.DLL V1.17.3.0
Target DLL:      lmidk-agdi.dll V???
Dialog DLL:      TCM.DLL V1.36.5.0
 
<h2>Project:</h2>
D:\UdacityAdvancedEmbedded\Arm\Proj_Arm_1\Proj_UdacityAdvancedEmbeddedOne\CTOS_proj\CTOS_Project.uvprojx
Project File Date:  11/19/2022

<h2>Output:</h2>
*** Using Compiler 'V5.06 update 6 (build 750)', folder: 'C:\Keil_v5\ARM\ARMCC\Bin'
Rebuild target 'TivaC'
compiling main.c...
.\LIBRARIES\Bit_manipulation.h(13): warning:  #1-D: last line of file ends without a newline
  #endif
.\HAL\led.h(65): warning:  #1-D: last line of file ends without a newline
   *********************************************************************************************************************/
.\HAL\PB.h(60): warning:  #1-D: last line of file ends without a newline
   *********************************************************************************************************************/
.\MCAL\port_types.h(151): warning:  #1-D: last line of file ends without a newline
  #endif
.\MCAL\RAL.h(144): warning:  #1-D: last line of file ends without a newline
  #endif
.\MCAL\NVIC.h(68): warning:  #1-D: last line of file ends without a newline
   *********************************************************************************************************************/
.\Config\Systick_cfg.h(9): warning:  #1-D: last line of file ends without a newline
  #endif
APP\main.c(33): warning:  #223-D: function "SYSTICK_voidSetIntervalPeriodic" declared implicitly
    SYSTICK_voidSetIntervalPeriodic(SYSTICK_THIRD_SEC);
APP\main.c: 8 warnings, 0 errors
compiling Dio.c...
.\LIBRARIES\Bit_manipulation.h(13): warning:  #1-D: last line of file ends without a newline
  #endif
MCAL\Dio.c(7): warning:  #188-D: enumerated type mixed with another type
      Dio_PortType_e Port = PinId / 8 ;
MCAL\Dio.c(8): warning:  #188-D: enumerated type mixed with another type
      Dio_PinPositionType_e Pin = PinId % 8 ;
MCAL\Dio.c(13): warning:  #188-D: enumerated type mixed with another type
          result  = GET_BIT(GPIO_PORTA_DATA_R, Pin);
MCAL\Dio.c(16): warning:  #188-D: enumerated type mixed with another type
          result  = GET_BIT(GPIO_PORTB_DATA_R, Pin);
MCAL\Dio.c(19): warning:  #188-D: enumerated type mixed with another type
          result  = GET_BIT(GPIO_PORTC_DATA_R, Pin);
MCAL\Dio.c(23): warning:  #188-D: enumerated type mixed with another type
          result  = GET_BIT(GPIO_PORTD_DATA_R, Pin);
MCAL\Dio.c(27): warning:  #188-D: enumerated type mixed with another type
          result  = GET_BIT(GPIO_PORTE_DATA_R, Pin);
MCAL\Dio.c(31): warning:  #188-D: enumerated type mixed with another type
          result  = GET_BIT(GPIO_PORTF_DATA_R, Pin);
MCAL\Dio.c(44): warning:  #188-D: enumerated type mixed with another type
      Dio_PinPositionType_e Pin = PinId % 8 ;
MCAL\Dio.c(45): warning:  #188-D: enumerated type mixed with another type
      Dio_PortType_e Port = PinId / 8 ;
MCAL\Dio.c(118): warning:  #188-D: enumerated type mixed with another type
      Dio_PortType_e Port =  PinId / 8 ;
MCAL\Dio.c(119): warning:  #188-D: enumerated type mixed with another type
      Dio_PinPositionType_e Pin = PinId % 8 ;
MCAL\Dio.c: 13 warnings, 0 errors
compiling Systick.c...
.\Config\Systick_cfg.h(9): warning:  #1-D: last line of file ends without a newline
  #endif
.\LIBRARIES\Bit_manipulation.h(13): warning:  #1-D: last line of file ends without a newline
  #endif
MCAL\RAL.h(144): warning:  #1-D: last line of file ends without a newline
  #endif
MCAL\Systick.c: 3 warnings, 0 errors
compiling NVIC.c...
.\LIBRARIES\Bit_manipulation.h(13): warning:  #1-D: last line of file ends without a newline
  #endif
MCAL\NVIC.h(68): warning:  #1-D: last line of file ends without a newline
   *********************************************************************************************************************/
MCAL\NVIC.c: 2 warnings, 0 errors
compiling PB.c...
.\LIBRARIES\Bit_manipulation.h(13): warning:  #1-D: last line of file ends without a newline
  #endif
HAL\PB.h(60): warning:  #1-D: last line of file ends without a newline
   *********************************************************************************************************************/
HAL\led.h(65): warning:  #1-D: last line of file ends without a newline
   *********************************************************************************************************************/
HAL\PB.c(22): warning:  #111-D: statement is unreachable
          break;
HAL\PB.c(35): warning:  #111-D: statement is unreachable
          break;
HAL\PB.c(38): warning:  #127-D: expected a statement
      }
HAL\PB.c(39): warning:  #940-D: missing return statement at end of non-void function "PB_GetButtonState" 
  }
HAL\PB.c: 7 warnings, 0 errors
compiling led.c...
.\LIBRARIES\Bit_manipulation.h(13): warning:  #1-D: last line of file ends without a newline
  #endif
HAL\led.h(65): warning:  #1-D: last line of file ends without a newline
   *********************************************************************************************************************/
HAL\led.c(40): warning:  #127-D: expected a statement
  	}
HAL\led.c(61): warning:  #127-D: expected a statement
  	}
HAL\led.c(107): warning:  #1-D: last line of file ends without a newline
  }
HAL\led.c: 5 warnings, 0 errors
compiling port_lcfg.c...
.\MCAL\port_types.h(151): warning:  #1-D: last line of file ends without a newline
  #endif
Config\port_lcfg.c(17): warning:  #1-D: last line of file ends without a newline
  };
Config\port_lcfg.c: 2 warnings, 0 errors
assembling startup_TM4C123.s...
compiling port.c...
MCAL\port_types.h(151): warning:  #1-D: last line of file ends without a newline
  #endif
MCAL\RAL.h(144): warning:  #1-D: last line of file ends without a newline
  #endif
.\LIBRARIES\Bit_manipulation.h(13): warning:  #1-D: last line of file ends without a newline
  #endif
.\Config\port_lcfg.h(6): warning:  #1-D: last line of file ends without a newline
  #endif LEDPORJ_CONFIG_PORT_LCFG_H
.\Config\port_lcfg.h(6): warning:  #14-D: extra text after expected end of preprocessing directive
  #endif LEDPORJ_CONFIG_PORT_LCFG_H
MCAL\port.c(62): warning:  #188-D: enumerated type mixed with another type
      Pin  = ConfigArray[i].PinId % 8 ;
MCAL\port.c(63): warning:  #188-D: enumerated type mixed with another type
      Port = ConfigArray[i].PinId / 8 ;
MCAL\port.c(187): warning:  #223-D: function "Delay" declared implicitly
    Delay(2);
MCAL\port.c(195): warning:  #159-D: declaration is incompatible with previous "Delay"  (declared at line 187)
  void Delay (unsigned long volatile time)
MCAL\port.c: 9 warnings, 0 errors
compiling system_TM4C123.c...
linking...
Program Size: Code=2656 RO-data=652 RW-data=64 ZI-data=608  
".\Objects\CTOS_Project.axf" - 0 Error(s), 49 Warning(s).

<h2>Software Packages used:</h2>

Package Vendor: ARM
                http://www.keil.com/pack/ARM.CMSIS.5.6.0.pack
                ARM.CMSIS.5.6.0
                CMSIS (Cortex Microcontroller Software Interface Standard)
   * Component: CORE Version: 5.3.0

Package Vendor: Keil
                http://www.keil.com/pack/Keil.TM4C_DFP.1.1.0.pack
                Keil.TM4C_DFP.1.1.0
                Texas Instruments Tiva C Series Device Support and Examples
   * Component: Startup Version: 1.0.1

<h2>Collection of Component include folders:</h2>
  .\RTE\_TivaC
  C:\Users\LENOVO\AppData\Local\Arm\Packs\ARM\CMSIS\5.6.0\CMSIS\Core\Include
  C:\Users\LENOVO\AppData\Local\Arm\Packs\Keil\TM4C_DFP\1.1.0\Device\Include\TM4C123

<h2>Collection of Component Files used:</h2>

   * Component: ARM::CMSIS:CORE:5.3.0

   * Component: Keil::Device:Startup:1.0.1
      Source file:   Device\Source\ARM\startup_TM4C123.s
      Include file:  Device\Include\TM4C123\TM4C123.h
      Source file:   Device\Source\system_TM4C123.c
Build Time Elapsed:  00:00:11
</pre>
</body>
</html>
