<html>
<body>
<pre>
<h1>µVision Build Log</h1>
<h2>Tool Versions:</h2>
IDE-Version: µVision V5.29.0.0
Copyright (C) 2019 ARM Ltd and ARM Germany GmbH. All rights reserved.
License Information: Ahmed LENOVO, ASU_RAcing team, LIC=----
 
Tool Versions:
Toolchain:       MDK-Lite  Version: 5.29.0.0
Toolchain Path:  C:\Keil_v5\ARM\ARMCC\Bin
C Compiler:      Armcc.exe V5.06 update 6 (build 750)
Assembler:       Armasm.exe V5.06 update 6 (build 750)
Linker/Locator:  ArmLink.exe V5.06 update 6 (build 750)
Library Manager: ArmAr.exe V5.06 update 6 (build 750)
Hex Converter:   FromElf.exe V5.06 update 6 (build 750)
CPU DLL:         SARMCM3.DLL V5.29.0.0
Dialog DLL:      DCM.DLL V1.17.3.0
Target DLL:      lmidk-agdi.dll V???
Dialog DLL:      TCM.DLL V1.36.5.0
 
<h2>Project:</h2>
D:\UdacityAdvancedEmbedded\Arm\Proj_Arm_1\Proj_UdacityAdvancedEmbeddedOne\CTOS_proj\CTOS_Project.uvprojx
Project File Date:  10/30/2022

<h2>Output:</h2>
*** Using Compiler 'V5.06 update 6 (build 750)', folder: 'C:\Keil_v5\ARM\ARMCC\Bin'
Build target 'TivaC'
compiling PB.c...
.\LIBRARIES\Bit_manipulation.h(13): warning:  #1-D: last line of file ends without a newline
  #endif
HAL\PB.h(56): warning:  #1-D: last line of file ends without a newline
   *********************************************************************************************************************/
HAL\PB.c(30): warning:  #111-D: statement is unreachable
          break;
HAL\PB.c(43): warning:  #111-D: statement is unreachable
          break;
HAL\PB.c(46): warning:  #127-D: expected a statement
      }
HAL\PB.c(47): warning:  #940-D: missing return statement at end of non-void function "PB_GetButtonState" 
  }
HAL\PB.c: 6 warnings, 0 errors
compiling main.c...
.\LIBRARIES\Bit_manipulation.h(13): warning:  #1-D: last line of file ends without a newline
  #endif
.\HAL\led.h(53): warning:  #1-D: last line of file ends without a newline
   *********************************************************************************************************************/
.\HAL\PB.h(56): warning:  #1-D: last line of file ends without a newline
   *********************************************************************************************************************/
.\MCAL\port_types.h(151): warning:  #1-D: last line of file ends without a newline
  #endif
.\MCAL\RAL.h(57): warning:  #1-D: last line of file ends without a newline
  #endif
APP\main.c: 5 warnings, 0 errors
linking...
Program Size: Code=2292 RO-data=652 RW-data=44 ZI-data=612  
".\Objects\CTOS_Project.axf" - 0 Error(s), 11 Warning(s).

<h2>Software Packages used:</h2>

Package Vendor: ARM
                http://www.keil.com/pack/ARM.CMSIS.5.6.0.pack
                ARM.CMSIS.5.6.0
                CMSIS (Cortex Microcontroller Software Interface Standard)
   * Component: CORE Version: 5.3.0

Package Vendor: Keil
                http://www.keil.com/pack/Keil.TM4C_DFP.1.1.0.pack
                Keil.TM4C_DFP.1.1.0
                Texas Instruments Tiva C Series Device Support and Examples
   * Component: Startup Version: 1.0.1

<h2>Collection of Component include folders:</h2>
  .\RTE\_TivaC
  C:\Users\LENOVO\AppData\Local\Arm\Packs\ARM\CMSIS\5.6.0\CMSIS\Core\Include
  C:\Users\LENOVO\AppData\Local\Arm\Packs\Keil\TM4C_DFP\1.1.0\Device\Include\TM4C123

<h2>Collection of Component Files used:</h2>

   * Component: ARM::CMSIS:CORE:5.3.0

   * Component: Keil::Device:Startup:1.0.1
      Source file:   Device\Source\ARM\startup_TM4C123.s
      Include file:  Device\Include\TM4C123\TM4C123.h
      Source file:   Device\Source\system_TM4C123.c
Build Time Elapsed:  00:00:03
</pre>
</body>
</html>
